ALTER EXTENSION postgis_tiger_geocoder UPDATE TO "2.4.2next"
